// Jest Snapshot v1, https://goo.gl/fbAQLP

exports[`Switch test cases Render check 1`] = `
<DocumentFragment>
  <label
    class="css-1wmyzil"
  >
    <input
      id="prefix-ffffffff920c8"
      type="checkbox"
    />
    <label
      class="css-g5ub7c"
      data-testid="SwitchVisiblePart"
      for="prefix-ffffffff920c8"
    />
  </label>
</DocumentFragment>
`;
